// Vitest Snapshot v1, https://vitest.dev/guide/snapshot.html

exports[`LogSheet > keeps its structure steady 1`] = `
{
  "elements": {
    "circle": 7,
    "desc": 1,
    "g": 58,
    "line": 427,
    "path": 1,
    "rect": 5,
    "text": 165,
    "title": 1,
  },
  "testIds": [
    "log-month",
    "log-day",
    "log-year",
    "log-driver",
    "log-from",
    "log-to",
    "log-miles-driving",
    "log-mileage-today",
    "log-vehicle",
    "log-carrier",
    "log-main-office",
    "log-home-terminal",
    "log-total-off_duty",
    "log-total-sleeper",
    "log-total-driving",
    "log-total-on_duty",
    "log-total-all",
    "log-status-line",
    "log-remark-leaders",
    "log-remark-0",
    "log-remark-1",
    "log-remark-2",
    "log-remark-3",
    "log-remark-4",
    "log-remark-5",
    "log-remark-6",
    "log-remark-list",
    "log-remark-row-0",
    "log-remark-row-1",
    "log-remark-row-2",
    "log-remark-row-3",
    "log-remark-row-4",
    "log-remark-row-5",
    "log-remark-row-6",
    "log-doc-no",
    "log-shipper",
    "log-signature",
    "log-recap-today",
    "log-recap-a",
    "log-recap-b",
    "log-recap-c",
  ],
}
`;
